// Jest Snapshot v1, https://goo.gl/fbAQLP

exports[`render background msg, snapshot test 1`] = `
<div
  class="main"
  data-testid="background-info"
/>
`;
